// Jest Snapshot v1, https://goo.gl/fbAQLP

exports[`CarouselSlide renders correctly 1`] = `
<figure>
  <CarouselSlide__StyledImage
    imgHeight={500}
    src="https://example.com/image.jpg"
  />
  <figcaption>
    <strong>
      A cool image
    </strong>
     
    Gonzo
  </figcaption>
</figure>
`;

exports[`StyledImage renders correctly 1`] = `
.c0 {
  object-fit: cover;
  width: 100%;
  height: 500px;
}

<img
  className="c0"
  src="https://example.com/default.jpg"
/>
`;
